[INFO] Scanning for projects...
[INFO] 
[INFO] ---------------------< com.vamshi:SpringbootDemo >----------------------
[INFO] Building  0.0.1-SNAPSHOT
[INFO]   from pom.xml
[INFO] --------------------------------[ jar ]---------------------------------
[INFO] 
[INFO] >>> spring-boot:3.5.14-SNAPSHOT:run (default-cli) > test-compile @ SpringbootDemo >>>
[INFO] 
[INFO] --- resources:3.3.1:resources (default-resources) @ SpringbootDemo ---
[INFO] Copying 1 resource from src\main\resources to target\classes
[INFO] Copying 0 resource from src\main\resources to target\classes
[INFO] 
[INFO] --- compiler:3.14.1:compile (default-compile) @ SpringbootDemo ---
[INFO] Nothing to compile - all classes are up to date.
[INFO] 
[INFO] --- resources:3.3.1:testResources (default-testResources) @ SpringbootDemo ---
[INFO] Copying 1 resource from src\test\resources to target\test-classes
[INFO] 
[INFO] --- compiler:3.14.1:testCompile (default-testCompile) @ SpringbootDemo ---
[INFO] Nothing to compile - all classes are up to date.
[INFO] 
[INFO] <<< spring-boot:3.5.14-SNAPSHOT:run (default-cli) < test-compile @ SpringbootDemo <<<
[INFO] 
[INFO] 
[INFO] --- spring-boot:3.5.14-SNAPSHOT:run (default-cli) @ SpringbootDemo ---
[INFO] Attaching agents: []

  .   ____          _            __ _ _
 /\\ / ___'_ __ _ _(_)_ __  __ _ \ \ \ \
( ( )\___ | '_ | '_| | '_ \/ _` | \ \ \ \
 \\/  ___)| |_)| | | | | || (_| |  ) ) ) )
  '  |____| .__|_| |_|_| |_\__, | / / / /
 =========|_|==============|___/=/_/_/_/

 :: Spring Boot ::      (v3.5.14-SNAPSHOT)

2026-04-15T21:45:14.861+05:30  INFO 15856 --- [SpringbootDemo] [           main] c.v.S.SpringbootDemoApplication          : Starting SpringbootDemoApplication using Java 21.0.9 with PID 15856 (D:\Java Projects - Latest\SpringbootDemo\target\classes started by pc in D:\Java Projects - Latest\SpringbootDemo)
2026-04-15T21:45:14.867+05:30  INFO 15856 --- [SpringbootDemo] [           main] c.v.S.SpringbootDemoApplication          : No active profile set, falling back to 1 default profile: "default"
2026-04-15T21:45:15.607+05:30  INFO 15856 --- [SpringbootDemo] [           main] .s.d.r.c.RepositoryConfigurationDelegate : Bootstrapping Spring Data JPA repositories in DEFAULT mode.
2026-04-15T21:45:15.676+05:30  INFO 15856 --- [SpringbootDemo] [           main] .s.d.r.c.RepositoryConfigurationDelegate : Finished Spring Data repository scanning in 56 ms. Found 5 JPA repository interfaces.
2026-04-15T21:45:16.229+05:30  INFO 15856 --- [SpringbootDemo] [           main] o.s.b.w.embedded.tomcat.TomcatWebServer  : Tomcat initialized with port 8080 (http)
2026-04-15T21:45:16.244+05:30  INFO 15856 --- [SpringbootDemo] [           main] o.apache.catalina.core.StandardService   : Starting service [Tomcat]
2026-04-15T21:45:16.244+05:30  INFO 15856 --- [SpringbootDemo] [           main] o.apache.catalina.core.StandardEngine    : Starting Servlet engine: [Apache Tomcat/10.1.54]
2026-04-15T21:45:16.300+05:30  INFO 15856 --- [SpringbootDemo] [           main] o.a.c.c.C.[Tomcat].[localhost].[/]       : Initializing Spring embedded WebApplicationContext
2026-04-15T21:45:16.302+05:30  INFO 15856 --- [SpringbootDemo] [           main] w.s.c.ServletWebServerApplicationContext : Root WebApplicationContext: initialization completed in 1378 ms
2026-04-15T21:45:16.467+05:30  INFO 15856 --- [SpringbootDemo] [           main] o.hibernate.jpa.internal.util.LogHelper  : HHH000204: Processing PersistenceUnitInfo [name: default]
2026-04-15T21:45:16.518+05:30  INFO 15856 --- [SpringbootDemo] [           main] org.hibernate.Version                    : HHH000412: Hibernate ORM core version 6.6.48.Final
2026-04-15T21:45:16.549+05:30  INFO 15856 --- [SpringbootDemo] [           main] o.h.c.internal.RegionFactoryInitiator    : HHH000026: Second-level cache disabled
2026-04-15T21:45:16.822+05:30  INFO 15856 --- [SpringbootDemo] [           main] o.s.o.j.p.SpringPersistenceUnitInfo      : No LoadTimeWeaver setup: ignoring JPA class transformer
2026-04-15T21:45:16.852+05:30  INFO 15856 --- [SpringbootDemo] [           main] com.zaxxer.hikari.HikariDataSource       : HikariPool-1 - Starting...
2026-04-15T21:45:21.165+05:30  INFO 15856 --- [SpringbootDemo] [           main] com.zaxxer.hikari.pool.HikariPool        : HikariPool-1 - Added connection conn1: url=jdbc:h2:file:./data/supermarketdb user=SA
2026-04-15T21:45:21.168+05:30  INFO 15856 --- [SpringbootDemo] [           main] com.zaxxer.hikari.HikariDataSource       : HikariPool-1 - Start completed.
2026-04-15T21:45:21.215+05:30  INFO 15856 --- [SpringbootDemo] [           main] org.hibernate.orm.connections.pooling    : HHH10001005: Database info:
	Database JDBC URL [Connecting through datasource 'HikariDataSource (HikariPool-1)']
	Database driver: undefined/unknown
	Database version: 2.3.232
	Autocommit mode: undefined/unknown
	Isolation level: undefined/unknown
	Minimum pool size: undefined/unknown
	Maximum pool size: undefined/unknown
2026-04-15T21:45:22.087+05:30  INFO 15856 --- [SpringbootDemo] [           main] o.h.e.t.j.p.i.JtaPlatformInitiator       : HHH000489: No JTA platform available (set 'hibernate.transaction.jta.platform' to enable JTA platform integration)
2026-04-15T21:45:22.145+05:30  INFO 15856 --- [SpringbootDemo] [           main] j.LocalContainerEntityManagerFactoryBean : Initialized JPA EntityManagerFactory for persistence unit 'default'
2026-04-15T21:45:23.012+05:30  INFO 15856 --- [SpringbootDemo] [           main] r$InitializeUserDetailsManagerConfigurer : Global AuthenticationManager configured with UserDetailsService bean with name userDetailsService
2026-04-15T21:45:23.893+05:30  INFO 15856 --- [SpringbootDemo] [           main] o.s.b.a.h2.H2ConsoleAutoConfiguration    : H2 console available at '/h2-console'. Database available at 'jdbc:h2:file:./data/supermarketdb'
2026-04-15T21:45:24.018+05:30  INFO 15856 --- [SpringbootDemo] [           main] o.s.b.w.embedded.tomcat.TomcatWebServer  : Tomcat started on port 8080 (http) with context path '/'
2026-04-15T21:45:24.029+05:30  INFO 15856 --- [SpringbootDemo] [           main] c.v.S.SpringbootDemoApplication          : Started SpringbootDemoApplication in 9.705 seconds (process running for 10.098)
