[INFO] Scanning for projects...
[INFO] 
[INFO] ---------------------< com.vamshi:SpringbootDemo >----------------------
[INFO] Building  0.0.1-SNAPSHOT
[INFO]   from pom.xml
[INFO] --------------------------------[ jar ]---------------------------------
[INFO] 
[INFO] >>> spring-boot:3.5.14-SNAPSHOT:run (default-cli) > test-compile @ SpringbootDemo >>>
[INFO] 
[INFO] --- resources:3.3.1:resources (default-resources) @ SpringbootDemo ---
[INFO] Copying 1 resource from src\main\resources to target\classes
[INFO] Copying 0 resource from src\main\resources to target\classes
[INFO] 
[INFO] --- compiler:3.14.1:compile (default-compile) @ SpringbootDemo ---
[INFO] Nothing to compile - all classes are up to date.
[INFO] 
[INFO] --- resources:3.3.1:testResources (default-testResources) @ SpringbootDemo ---
[INFO] Copying 1 resource from src\test\resources to target\test-classes
[INFO] 
[INFO] --- compiler:3.14.1:testCompile (default-testCompile) @ SpringbootDemo ---
[INFO] Nothing to compile - all classes are up to date.
[INFO] 
[INFO] <<< spring-boot:3.5.14-SNAPSHOT:run (default-cli) < test-compile @ SpringbootDemo <<<
[INFO] 
[INFO] 
[INFO] --- spring-boot:3.5.14-SNAPSHOT:run (default-cli) @ SpringbootDemo ---
[INFO] Attaching agents: []

  .   ____          _            __ _ _
 /\\ / ___'_ __ _ _(_)_ __  __ _ \ \ \ \
( ( )\___ | '_ | '_| | '_ \/ _` | \ \ \ \
 \\/  ___)| |_)| | | | | || (_| |  ) ) ) )
  '  |____| .__|_| |_|_| |_\__, | / / / /
 =========|_|==============|___/=/_/_/_/

 :: Spring Boot ::      (v3.5.14-SNAPSHOT)

2026-04-15T21:44:19.564+05:30  INFO 10852 --- [SpringbootDemo] [           main] c.v.S.SpringbootDemoApplication          : Starting SpringbootDemoApplication using Java 21.0.9 with PID 10852 (D:\Java Projects - Latest\SpringbootDemo\target\classes started by pc in D:\Java Projects - Latest\SpringbootDemo)
2026-04-15T21:44:19.569+05:30  INFO 10852 --- [SpringbootDemo] [           main] c.v.S.SpringbootDemoApplication          : No active profile set, falling back to 1 default profile: "default"
2026-04-15T21:44:20.498+05:30  INFO 10852 --- [SpringbootDemo] [           main] .s.d.r.c.RepositoryConfigurationDelegate : Bootstrapping Spring Data JPA repositories in DEFAULT mode.
2026-04-15T21:44:20.588+05:30  INFO 10852 --- [SpringbootDemo] [           main] .s.d.r.c.RepositoryConfigurationDelegate : Finished Spring Data repository scanning in 75 ms. Found 5 JPA repository interfaces.
2026-04-15T21:44:21.307+05:30  INFO 10852 --- [SpringbootDemo] [           main] o.s.b.w.embedded.tomcat.TomcatWebServer  : Tomcat initialized with port 8080 (http)
2026-04-15T21:44:21.328+05:30  INFO 10852 --- [SpringbootDemo] [           main] o.apache.catalina.core.StandardService   : Starting service [Tomcat]
2026-04-15T21:44:21.330+05:30  INFO 10852 --- [SpringbootDemo] [           main] o.apache.catalina.core.StandardEngine    : Starting Servlet engine: [Apache Tomcat/10.1.54]
2026-04-15T21:44:21.412+05:30  INFO 10852 --- [SpringbootDemo] [           main] o.a.c.c.C.[Tomcat].[localhost].[/]       : Initializing Spring embedded WebApplicationContext
2026-04-15T21:44:21.416+05:30  INFO 10852 --- [SpringbootDemo] [           main] w.s.c.ServletWebServerApplicationContext : Root WebApplicationContext: initialization completed in 1782 ms
2026-04-15T21:44:21.685+05:30  INFO 10852 --- [SpringbootDemo] [           main] o.hibernate.jpa.internal.util.LogHelper  : HHH000204: Processing PersistenceUnitInfo [name: default]
2026-04-15T21:44:21.844+05:30  INFO 10852 --- [SpringbootDemo] [           main] org.hibernate.Version                    : HHH000412: Hibernate ORM core version 6.6.48.Final
2026-04-15T21:44:21.929+05:30  INFO 10852 --- [SpringbootDemo] [           main] o.h.c.internal.RegionFactoryInitiator    : HHH000026: Second-level cache disabled
2026-04-15T21:44:22.660+05:30  INFO 10852 --- [SpringbootDemo] [           main] o.s.o.j.p.SpringPersistenceUnitInfo      : No LoadTimeWeaver setup: ignoring JPA class transformer
2026-04-15T21:44:22.724+05:30  INFO 10852 --- [SpringbootDemo] [           main] com.zaxxer.hikari.HikariDataSource       : HikariPool-1 - Starting...
2026-04-15T21:44:22.928+05:30  INFO 10852 --- [SpringbootDemo] [           main] com.zaxxer.hikari.pool.HikariPool        : HikariPool-1 - Added connection conn0: url=jdbc:h2:file:./data/supermarketdb user=SA
2026-04-15T21:44:22.933+05:30  INFO 10852 --- [SpringbootDemo] [           main] com.zaxxer.hikari.HikariDataSource       : HikariPool-1 - Start completed.
2026-04-15T21:44:22.970+05:30  WARN 10852 --- [SpringbootDemo] [           main] org.hibernate.orm.deprecation            : HHH90000025: H2Dialect does not need to be specified explicitly using 'hibernate.dialect' (remove the property setting and it will be selected by default)
2026-04-15T21:44:23.002+05:30  INFO 10852 --- [SpringbootDemo] [           main] org.hibernate.orm.connections.pooling    : HHH10001005: Database info:
	Database JDBC URL [Connecting through datasource 'HikariDataSource (HikariPool-1)']
	Database driver: undefined/unknown
	Database version: 2.3.232
	Autocommit mode: undefined/unknown
	Isolation level: undefined/unknown
	Minimum pool size: undefined/unknown
	Maximum pool size: undefined/unknown
2026-04-15T21:44:24.305+05:30  INFO 10852 --- [SpringbootDemo] [           main] o.h.e.t.j.p.i.JtaPlatformInitiator       : HHH000489: No JTA platform available (set 'hibernate.transaction.jta.platform' to enable JTA platform integration)
2026-04-15T21:44:24.384+05:30  INFO 10852 --- [SpringbootDemo] [           main] j.LocalContainerEntityManagerFactoryBean : Initialized JPA EntityManagerFactory for persistence unit 'default'
2026-04-15T21:44:25.341+05:30  INFO 10852 --- [SpringbootDemo] [           main] r$InitializeUserDetailsManagerConfigurer : Global AuthenticationManager configured with UserDetailsService bean with name userDetailsService
2026-04-15T21:44:25.804+05:30  INFO 10852 --- [SpringbootDemo] [           main] o.s.b.a.h2.H2ConsoleAutoConfiguration    : H2 console available at '/h2-console'. Database available at 'jdbc:h2:file:./data/supermarketdb'
2026-04-15T21:44:25.932+05:30  WARN 10852 --- [SpringbootDemo] [           main] ConfigServletWebServerApplicationContext : Exception encountered during context initialization - cancelling refresh attempt: org.springframework.context.ApplicationContextException: Failed to start bean 'webServerStartStop'
2026-04-15T21:44:25.937+05:30  INFO 10852 --- [SpringbootDemo] [           main] j.LocalContainerEntityManagerFactoryBean : Closing JPA EntityManagerFactory for persistence unit 'default'
2026-04-15T21:44:25.940+05:30  INFO 10852 --- [SpringbootDemo] [           main] com.zaxxer.hikari.HikariDataSource       : HikariPool-1 - Shutdown initiated...
2026-04-15T21:44:25.953+05:30  INFO 10852 --- [SpringbootDemo] [           main] com.zaxxer.hikari.HikariDataSource       : HikariPool-1 - Shutdown completed.
2026-04-15T21:44:25.967+05:30  INFO 10852 --- [SpringbootDemo] [           main] .s.b.a.l.ConditionEvaluationReportLogger : 

Error starting ApplicationContext. To display the condition evaluation report re-run your application with 'debug' enabled.
2026-04-15T21:44:25.987+05:30 ERROR 10852 --- [SpringbootDemo] [           main] o.s.b.d.LoggingFailureAnalysisReporter   : 

***************************
APPLICATION FAILED TO START
***************************

Description:

Web server failed to start. Port 8080 was already in use.

Action:

Identify and stop the process that's listening on port 8080 or configure this application to listen on another port.

[INFO] ------------------------------------------------------------------------
[INFO] BUILD FAILURE
[INFO] ------------------------------------------------------------------------
[INFO] Total time:  11.720 s
[INFO] Finished at: 2026-04-15T21:44:26+05:30
[INFO] ------------------------------------------------------------------------
[ERROR] Failed to execute goal org.springframework.boot:spring-boot-maven-plugin:3.5.14-SNAPSHOT:run (default-cli) on project SpringbootDemo: Process terminated with exit code: 1 -> [Help 1]
[ERROR] 
[ERROR] To see the full stack trace of the errors, re-run Maven with the -e switch.
[ERROR] Re-run Maven using the -X switch to enable full debug logging.
[ERROR] 
[ERROR] For more information about the errors and possible solutions, please read the following articles:
[ERROR] [Help 1] http://cwiki.apache.org/confluence/display/MAVEN/MojoExecutionException
